(---------------------------------------------------------------------)
(                                                                     )
(    Dangling Line, Via and Antenna Report                            )
(                                                                     )
(    Drawing          : litefoc.brd                                   )
(    Software Version : 22.1S006                                      )
(    Date/Time        : Sat Jan 11 13:48:31 2025                      )
(                                                                     )
(---------------------------------------------------------------------)


Report methodology:
  - Dangling lines have at least one end not connected.
  - Dangling vias have one or no connection
      - Plus are not a test, thieving or netshort property via.
  - Antenna vias do not have connections on their start and end layers.
      - Plus they are not a thieving vias.
      - Optionally, VOLTAGE nets, testvias and through vias can be suppressed with
        the environment variable report_antennavia.
      - Section may be suppressed by variable report_noantennavia.
  - Not part of the current partition.
  - To suppress items in dangle report add the OK_DANGLE property to the via
    or connect line.

<< Dangling Lines >>  - Location marked with a star (*) is dangling.
  Net                 Layer                  Length       Location
  ------------------------------------------------------------------------------------------
  CAN_L                TOP                    0.707     *(173.000 -221.999) to  (173.500 -222.499)
  VM                   BOTTOM                 4.243     *(-89.000 512.000) to  (-92.000 515.000)


<< Dangling Vias >>
  Net                  Padstack               Location            Layers
  ---------------------------------------------------------------------------
  VCC_5V               VIA12_22             (200.000 -57.000) TOP/BOTTOM 


<< Antenna Vias >>
  Net                  Padstack               Location            Layers
  ---------------------------------------------------------------------------
  GND                  VIA12_22             (198.921 -618.953) TOP/BOTTOM 
  VCC_3V3              VIA12_22             (266.000 -11.000) TOP/BOTTOM 
  VCC_3V3              VIA12_22             (266.000 29.000) TOP/BOTTOM 
  VCC_3V3              VIA12_22             (-264.000 -445.000) TOP/BOTTOM 
  VCC_3V3              VIA12_22             (266.000 69.000) TOP/BOTTOM 
  VCC_3V3              VIA12_22             (96.909 145.909) TOP/BOTTOM 
  VCC_3V3              VIA12_22             (-451.000 -6.000) TOP/BOTTOM 
  VCC_3V3              VIA12_22             (202.000 16.000) TOP/BOTTOM 
  VCC_3V3              VIA12_22             (-214.000 -196.000) TOP/BOTTOM 
  VCC_3V3              VIA12_22             (-193.000 -88.000) TOP/BOTTOM 
  VCC_3V3              VIA12_22             (-225.000 193.811) TOP/BOTTOM 
  VM                   VIA12_22             (48.000 -483.000) TOP/BOTTOM 
  VM                   VIA12_22             (388.000 -314.000) TOP/BOTTOM 
  VM                   VIA12_22             (420.000 -344.000) TOP/BOTTOM 
  VM                   VIA12_22             (438.000 -361.000) TOP/BOTTOM 
  VM                   VIA12_22             (49.000 -572.000) TOP/BOTTOM 
  VM                   VIA12_22             (49.000 -523.000) TOP/BOTTOM 
  VM                   VIA12_22             (49.000 -548.000) TOP/BOTTOM 
  VM                   VIA12_22             (-53.276 585.087) TOP/BOTTOM 
  VM                   VIA12_22             (-26.276 584.996) TOP/BOTTOM 
  VM                   VIA12_22             (275.000 471.331) TOP/BOTTOM 
  VCC_5V               VIA12_22             (200.000 -57.000) TOP/BOTTOM 
  VCC_5V               VIA12_22             (-179.000 -317.002) TOP/BOTTOM 
  VCC_5V               VIA12_22             (-159.908 -336.092) TOP/BOTTOM 
  VCC_5V               VIA12_22             (35.000 -191.685) TOP/BOTTOM 
  VCC_5V               VIA12_22             (191.586 -138.956) TOP/BOTTOM 

<< Summary >>
  Total dangling lines:       2
  Total dangling vias:        1
  Total antenna vias:        26
